============================================================
  Generated by:           Genus(TM) Synthesis Solution 20.10-p001_1
  Generated on:           Apr 10 2026  10:22:10 am
  Module:                 alsh_top
  Operating conditions:   ssg0p9v125c (balanced_tree)
  Wireload mode:          segmented
  Area mode:              timing library
============================================================


Path 1: MET (1226 ps) Late External Delay Assertion at pin wake_up
           View: view_ss
          Group: clk
     Startpoint: (R) m4_current_state_reg[1]/CP
          Clock: (R) clk
       Endpoint: (R) wake_up
          Clock: (R) clk

                     Capture       Launch     
        Clock Edge:+    2000            0     
       Src Latency:+       0            0     
       Net Latency:+       0 (I)        0 (I) 
           Arrival:=    2000            0     
                                              
      Output Delay:-     400                  
       Uncertainty:-     100                  
     Required Time:=    1500                  
      Launch Clock:-       0                  
         Data Path:-     274                  
             Slack:=    1226                  

Exceptions/Constraints:
  output_delay             400             constraints.sdc_line_10 

#-----------------------------------------------------------------------------------------------------------
#       Timing Point         Flags    Arc   Edge       Cell        Fanout Load Trans Delay Arrival Instance 
#                                                                         (fF)  (ps)  (ps)   (ps)  Location 
#-----------------------------------------------------------------------------------------------------------
  m4_current_state_reg[1]/CP -       -      R     (arrival)            64    -     0     0       0    (-,-) 
  m4_current_state_reg[1]/Q  -       CP->Q  R     DFCNQD1BWP30P140      3  1.4    13    47      47    (-,-) 
  g692__2398/ZN              -       A1->ZN R     INR2D1BWP30P140       1 50.0   381   228     274    (-,-) 
  wake_up                    <<<     -      R     (port)                -    -     -     0     274    (-,-) 
#-----------------------------------------------------------------------------------------------------------


