============================================================
  Generated by:           Genus(TM) Synthesis Solution 20.10-p001_1
  Generated on:           Apr 07 2026  06:42:42 pm
  Module:                 existing_aon_baseline
  Operating conditions:   ssg0p9v125c (balanced_tree)
  Wireload mode:          segmented
  Area mode:              timing library
============================================================


Path 1: MET (1323 ps) Late External Delay Assertion at pin wakeup_irq
           View: view_ss
          Group: clk
     Startpoint: (R) wakeup_irq_reg/CP
          Clock: (R) clk
       Endpoint: (F) wakeup_irq
          Clock: (R) clk

                     Capture       Launch     
        Clock Edge:+    2000            0     
       Src Latency:+       0            0     
       Net Latency:+       0 (I)        0 (I) 
           Arrival:=    2000            0     
                                              
      Output Delay:-     400                  
       Uncertainty:-     100                  
     Required Time:=    1500                  
      Launch Clock:-       0                  
         Data Path:-     177                  
             Slack:=    1323                  

Exceptions/Constraints:
  output_delay             400             constraints.sdc_line_10 

#-------------------------------------------------------------------------------------------------
#   Timing Point    Flags   Arc   Edge       Cell        Fanout Load Trans Delay Arrival Instance 
#                                                               (fF)  (ps)  (ps)   (ps)  Location 
#-------------------------------------------------------------------------------------------------
  wakeup_irq_reg/CP -       -     R     (arrival)            25    -     0     0       0    (-,-) 
  wakeup_irq_reg/Q  -       CP->Q F     DFCNQD1BWP30P140      1 50.0   239   177     177    (-,-) 
  wakeup_irq        <<<     -     F     (port)                -    -     -     0     177    (-,-) 
#-------------------------------------------------------------------------------------------------


